****/run in desired dir!
-----------
darkm@DESKTOP-1O62KSI MINGW64 /c/xampp/htdocs/Project Slim1
$ $ php composer.phar create-project slim/slim-skeleton SlimIsACunt
bash: $: command not found

darkm@DESKTOP-1O62KSI MINGW64 /c/xampp/htdocs/Project Slim1
$  php composer.phar create-project slim/slim-skeleton SlimIsACunt
Could not open input file: composer.phar

darkm@DESKTOP-1O62KSI MINGW64 /c/xampp/htdocs/Project Slim1
$ php -r "copy('https://getcomposer.org/installer', 'composer-setup.php');"

darkm@DESKTOP-1O62KSI MINGW64 /c/xampp/htdocs/Project Slim1
$ php -r "if (hash_file('SHA384', 'composer-setup.php') === '544e09ee996cdf60ece3804abc52599c22b1f40f4323403c44d44fdfdd586475ca9813a858088ffbc1f233e9b180f061') { echo 'Installer verified'; } else { echo 'Installer corrupt'; unlink('composer-setup.php'); } echo PHP_EOL;"
Installer verified

darkm@DESKTOP-1O62KSI MINGW64 /c/xampp/htdocs/Project Slim1
$ php composer-setup.php
All settings correct for using Composer
Downloading...

Composer (version 1.6.3) successfully installed to: C:\xampp\htdocs\Project Slim
1\composer.phar
Use it: php composer.phar


darkm@DESKTOP-1O62KSI MINGW64 /c/xampp/htdocs/Project Slim1
$ php -r "unlink('composer-setup.php');"

darkm@DESKTOP-1O62KSI MINGW64 /c/xampp/htdocs/Project Slim1
$

$ php composer.phar require slim/slim "^3.9.1"

$ mkdir public

$ composer require "twig/twig:^2.0"composer

